SQL> 
SQL> -- Yiwei Chen
SQL> -- Assignment 1 - Database Design - Monash Library Services (MonLib)
SQL> -- Schema file
SQL> 
SQL> -- Added drop commands for sequences
SQL> DROP SEQUENCE branch_branch_code_seq;

Sequence BRANCH_BRANCH_CODE_SEQ dropped.

SQL> 
SQL> DROP SEQUENCE author_aut_id_seq;

Sequence AUTHOR_AUT_ID_SEQ dropped.

SQL> 
SQL> DROP SEQUENCE borrower_bor_no_seq;

Sequence BORROWER_BOR_NO_SEQ dropped.

SQL> 
SQL> DROP SEQUENCE loan_loan_no_seq;

Sequence LOAN_LOAN_NO_SEQ dropped.

SQL> 
SQL> DROP SEQUENCE manager_man_id_seq;

Sequence MANAGER_MAN_ID_SEQ dropped.

SQL> 
SQL> DROP SEQUENCE publisher_pub_id_seq;

Sequence PUBLISHER_PUB_ID_SEQ dropped.

SQL> 
SQL> 
SQL> 
SQL> -----------------------------------------------------
SQL> -- Generated by Oracle SQL Developer Data Modeler 17.4.0.355.2131
SQL> --   at:        2018-04-22 22:23:33 AEST
SQL> --   site:      Oracle Database 11g
SQL> --   type:      Oracle Database 11g
SQL> 
SQL> 
SQL> 
SQL> DROP TABLE author CASCADE CONSTRAINTS;

Table AUTHOR dropped.

SQL> 
SQL> DROP TABLE book CASCADE CONSTRAINTS;

Table BOOK dropped.

SQL> 
SQL> DROP TABLE borrower CASCADE CONSTRAINTS;

Table BORROWER dropped.

SQL> 
SQL> DROP TABLE branch CASCADE CONSTRAINTS;

Table BRANCH dropped.

SQL> 
SQL> DROP TABLE class CASCADE CONSTRAINTS;

Table CLASS dropped.

SQL> 
SQL> DROP TABLE copy CASCADE CONSTRAINTS;

Table COPY dropped.

SQL> 
SQL> DROP TABLE fine CASCADE CONSTRAINTS;

Table FINE dropped.

SQL> 
SQL> DROP TABLE isbn CASCADE CONSTRAINTS;

Table ISBN dropped.

SQL> 
SQL> DROP TABLE loan CASCADE CONSTRAINTS;

Table LOAN dropped.

SQL> 
SQL> DROP TABLE manager CASCADE CONSTRAINTS;

Table MANAGER dropped.

SQL> 
SQL> DROP TABLE publisher CASCADE CONSTRAINTS;

Table PUBLISHER dropped.

SQL> 
SQL> DROP TABLE reserve CASCADE CONSTRAINTS;

Table RESERVE dropped.

SQL> 
SQL> DROP TABLE return CASCADE CONSTRAINTS;

Table RETURN dropped.

SQL> 
SQL> DROP TABLE subject CASCADE CONSTRAINTS;

Table SUBJECT dropped.

SQL> 
SQL> DROP TABLE subjectbook CASCADE CONSTRAINTS;

Table SUBJECTBOOK dropped.

SQL> 
SQL> DROP TABLE write CASCADE CONSTRAINTS;

Table WRITE dropped.

SQL> 
SQL> CREATE TABLE author (
  2      aut_id     NUMBER(10) NOT NULL,
  3      aut_name   VARCHAR2(50) NOT NULL
  4  );

Table AUTHOR created.

SQL> 
SQL> COMMENT ON COLUMN author.aut_id IS
  2      'The id number of an author';

Comment created.

SQL> 
SQL> COMMENT ON COLUMN author.aut_name IS
  2      'The name of an author';

Comment created.

SQL> 
SQL> ALTER TABLE author ADD CONSTRAINT author_pk PRIMARY KEY ( aut_id );

Table AUTHOR altered.

SQL> 
SQL> CREATE TABLE book (
  2      book_callno        CHAR(20) NOT NULL,
  3      book_title         VARCHAR2(100) NOT NULL,
  4      book_discription   VARCHAR2(500) NOT NULL,
  5      book_pubdate       DATE NOT NULL,
  6      book_edtion        NUMBER(3) NOT NULL,
  7      book_pages         NUMBER(4) NOT NULL,
  8      book_language      CHAR(20) NOT NULL,
  9      book_isfiction     NUMBER(1) NOT NULL,
 10      book_difficult     NUMBER(2),
 11      book_notes         VARCHAR2(500),
 12      pub_id             NUMBER(7) NOT NULL
 13  );

Table BOOK created.

SQL> 
SQL> ALTER TABLE book
  2      ADD CHECK ( book_isfiction IN (
  3          0,
  4          1
  5      ) );

Table BOOK altered.

SQL> 
SQL> ALTER TABLE book
  2      ADD CONSTRAINT "Difficultiy levels" CHECK ( book_difficult IN (
  3          1,
  4          2,
  5          3,
  6          4,
  7          5,
  8          6,
  9          7,
 10          8,
 11          9,
 12          10,
 13          11,
 14          12,
 15          13,
 16          14,
 17          15,
 18          16,
 19          17,
 20          18,
 21          19,
 22          20,
 23          21,
 24          22,
 25          23,
 26          24,
 27          25,
 28          26,
 29          27,
 30          28,
 31          29,
 32          30
 33      ) );

Table BOOK altered.

SQL> 
SQL> COMMENT ON COLUMN book.book_callno IS
  2      'The information held about a title is its Dewey Decimal call no (20 characters) - this call no is used to identify a particular title and for shelving books.'
  3  ;

Comment created.

SQL> 
SQL> COMMENT ON COLUMN book.book_title IS
  2      'The title of a book';

Comment created.

SQL> 
SQL> COMMENT ON COLUMN book.book_discription IS
  2      'The discription of a book';

Comment created.

SQL> 
SQL> COMMENT ON COLUMN book.book_pubdate IS
  2      'The publish date of a book';

Comment created.

SQL> 
SQL> COMMENT ON COLUMN book.book_edtion IS
  2      'The edtion of a book';

Comment created.

SQL> 
SQL> COMMENT ON COLUMN book.book_pages IS
  2      'The pages of a book';

Comment created.

SQL> 
SQL> COMMENT ON COLUMN book.book_language IS
  2      'The language of a book';

Comment created.

SQL> 
SQL> COMMENT ON COLUMN book.book_isfiction IS
  2      'A flag to distinguish fiction from reference';

Comment created.

SQL> 
SQL> COMMENT ON COLUMN book.book_difficult IS
  2      'reading difficultiy of a fiction';

Comment created.

SQL> 
SQL> COMMENT ON COLUMN book.book_notes IS
  2      'The notes of a book';

Comment created.

SQL> 
SQL> COMMENT ON COLUMN book.pub_id IS
  2      'The ID number of a publiser';

Comment created.

SQL> 
SQL> ALTER TABLE book ADD CONSTRAINT book_pk PRIMARY KEY ( book_callno );

Table BOOK altered.

SQL> 
SQL> CREATE TABLE borrower (
  2      bor_no           NUMBER(8) NOT NULL,
  3      bor_name         VARCHAR2(20) NOT NULL,
  4      bor_addno        NUMBER(5) NOT NULL,
  5      bor_road         VARCHAR2(50) NOT NULL,
  6      bor_city         VARCHAR2(50) NOT NULL,
  7      bor_state        VARCHAR2(50) NOT NULL,
  8      bor_country      VARCHAR2(50) NOT NULL,
  9      bor_homebranch   NUMBER(5) NOT NULL,
 10      bor_status       VARCHAR2(100) NOT NULL,
 11      class_name       VARCHAR2(20) NOT NULL,
 12      branch_code      NUMBER(5) NOT NULL
 13  );

Table BORROWER created.

SQL> 
SQL> COMMENT ON COLUMN borrower.bor_no IS
  2      'Each borrower is identified by a borrower number';

Comment created.

SQL> 
SQL> COMMENT ON COLUMN borrower.bor_name IS
  2      'The name of  a borrower ';

Comment created.

SQL> 
SQL> COMMENT ON COLUMN borrower.bor_addno IS
  2      'The address number of a borrower';

Comment created.

SQL> 
SQL> COMMENT ON COLUMN borrower.bor_road IS
  2      'The road name of the address of aborrower';

Comment created.

SQL> 
SQL> COMMENT ON COLUMN borrower.bor_city IS
  2      'The city name of the address of a borrower';

Comment created.

SQL> 
SQL> COMMENT ON COLUMN borrower.bor_state IS
  2      'The state name of the address of a borrower';

Comment created.

SQL> 
SQL> COMMENT ON COLUMN borrower.bor_country IS
  2      'The country name of the address of a borrower';

Comment created.

SQL> 
SQL> COMMENT ON COLUMN borrower.bor_homebranch IS
  2      'The home branch number of a borrower ';

Comment created.

SQL> 
SQL> COMMENT ON COLUMN borrower.bor_status IS
  2      'The status(whether is flagged to prevent further borrowings ) of a borrower';

Comment created.

SQL> 
SQL> COMMENT ON COLUMN borrower.class_name IS
  2      'The name of borrower classification';

Comment created.

SQL> 
SQL> COMMENT ON COLUMN borrower.branch_code IS
  2      'For each branch Monash Library Services assigns a branch code';

Comment created.

SQL> 
SQL> ALTER TABLE borrower ADD CONSTRAINT borrower_pk PRIMARY KEY ( bor_no );

Table BORROWER altered.

SQL> 
SQL> CREATE TABLE branch (
  2      branch_code      NUMBER(5) NOT NULL,
  3      branch_name      VARCHAR2(50) NOT NULL,
  4      branch_phone     NUMBER(10) NOT NULL,
  5      branch_addno     NUMBER(5) NOT NULL,
  6      branch_road      VARCHAR2(50) NOT NULL,
  7      branch_city      VARCHAR2(50) NOT NULL,
  8      branch_state     VARCHAR2(50) NOT NULL,
  9      branch_country   VARCHAR2(50) NOT NULL,
 10      man_id           NUMBER(7) NOT NULL
 11  );

Table BRANCH created.

SQL> 
SQL> COMMENT ON COLUMN branch.branch_code IS
  2      'For each branch Monash Library Services assigns a branch code';

Comment created.

SQL> 
SQL> COMMENT ON COLUMN branch.branch_name IS
  2      'The name of a  library branch';

Comment created.

SQL> 
SQL> COMMENT ON COLUMN branch.branch_phone IS
  2      'The phone number of a libray branch';

Comment created.

SQL> 
SQL> COMMENT ON COLUMN branch.branch_addno IS
  2      'The address number of a library branch';

Comment created.

SQL> 
SQL> COMMENT ON COLUMN branch.branch_road IS
  2      'The road name of the address of a library branch';

Comment created.

SQL> 
SQL> COMMENT ON COLUMN branch.branch_city IS
  2      'The city name of the address of a library branch';

Comment created.

SQL> 
SQL> COMMENT ON COLUMN branch.branch_state IS
  2      'The state name of the address of a library branch';

Comment created.

SQL> 
SQL> COMMENT ON COLUMN branch.branch_country IS
  2      'The country name of the address of a library branch';

Comment created.

SQL> 
SQL> COMMENT ON COLUMN branch.man_id IS
  2      'Each manager is assigned a manger id';

Comment created.

SQL> 
SQL> ALTER TABLE branch ADD CONSTRAINT branch_pk PRIMARY KEY ( branch_code );

Table BRANCH altered.

SQL> 
SQL> CREATE TABLE class (
  2      class_name        VARCHAR2(20) NOT NULL,
  3      class_numlimit    NUMBER(2) NOT NULL,
  4      class_timelimit   NUMBER(4) NOT NULL
  5  );

Table CLASS created.

SQL> 
SQL> COMMENT ON COLUMN class.class_name IS
  2      'The name of borrower classification';

Comment created.

SQL> 
SQL> COMMENT ON COLUMN class.class_numlimit IS
  2      'The limit of books can borrowe';

Comment created.

SQL> 
SQL> COMMENT ON COLUMN class.class_timelimit IS
  2      'how long can borrower borrowe a book';

Comment created.

SQL> 
SQL> ALTER TABLE class ADD CONSTRAINT class_pk PRIMARY KEY ( class_name );

Table CLASS altered.

SQL> 
SQL> CREATE TABLE copy (
  2      copy_barcode   VARCHAR2(25) NOT NULL,
  3      copy_status    VARCHAR2(100) NOT NULL,
  4      isbn_no        VARCHAR2(20) NOT NULL,
  5      branch_code    NUMBER(5) NOT NULL
  6  );

Table COPY created.

SQL> 
SQL> COMMENT ON COLUMN copy.copy_barcode IS
  2      'each copy of a title is identified by a barcode';

Comment created.

SQL> 
SQL> COMMENT ON COLUMN copy.copy_status IS
  2      'availability (status)  of a copy';

Comment created.

SQL> 
SQL> COMMENT ON COLUMN copy.isbn_no IS
  2      'The ISBN number';

Comment created.

SQL> 
SQL> COMMENT ON COLUMN copy.branch_code IS
  2      'For each branch Monash Library Services assigns a branch code';

Comment created.

SQL> 
SQL> ALTER TABLE copy ADD CONSTRAINT copy_pk PRIMARY KEY ( copy_barcode );

Table COPY altered.

SQL> 
SQL> CREATE TABLE fine (
  2      loan_no      NUMBER(10) NOT NULL,
  3      fine_amout   NUMBER(6) NOT NULL,
  4      fine_date    DATE
  5  );

Table FINE created.

SQL> 
SQL> COMMENT ON COLUMN fine.loan_no IS
  2      'the unique number for each loan';

Comment created.

SQL> 
SQL> COMMENT ON COLUMN fine.fine_amout IS
  2      'the amount of the fine';

Comment created.

SQL> 
SQL> COMMENT ON COLUMN fine.fine_date IS
  2      'when the fine is paid';

Comment created.

SQL> 
SQL> ALTER TABLE fine ADD CONSTRAINT fine_pk PRIMARY KEY ( loan_no );

Table FINE altered.

SQL> 
SQL> CREATE TABLE isbn (
  2      isbn_no       VARCHAR2(20) NOT NULL,
  3      isbn_type     VARCHAR2(20) NOT NULL,
  4      isbn_price    NUMBER(7,2) NOT NULL,
  5      book_callno   CHAR(20) NOT NULL,
  6      isbn_pages    NUMBER(4) NOT NULL
  7  );

Table ISBN created.

SQL> 
SQL> COMMENT ON COLUMN isbn.isbn_no IS
  2      'The ISBN number';

Comment created.

SQL> 
SQL> COMMENT ON COLUMN isbn.isbn_type IS
  2      'The book type of an ISBN (eg. hardcover, loose leaf, student edtion)';

Comment created.

SQL> 
SQL> COMMENT ON COLUMN isbn.isbn_price IS
  2      'The price of the book within one ISBN';

Comment created.

SQL> 
SQL> COMMENT ON COLUMN isbn.book_callno IS
  2      'The information held about a title is its Dewey Decimal call no (20 characters) - this call no is used to identify a particular title and for shelving books.'
  3  ;

Comment created.

SQL> 
SQL> COMMENT ON COLUMN isbn.isbn_pages IS
  2      'The pages of a book';

Comment created.

SQL> 
SQL> ALTER TABLE isbn ADD CONSTRAINT isbn_pk PRIMARY KEY ( isbn_no );

Table ISBN altered.

SQL> 
SQL> CREATE TABLE loan (
  2      loan_no           NUMBER(10) NOT NULL,
  3      loan_date         DATE NOT NULL,
  4      loan_returndate   DATE NOT NULL,
  5      bor_no            NUMBER(8) NOT NULL,
  6      copy_barcode      VARCHAR2(25) NOT NULL
  7  );

Table LOAN created.

SQL> 
SQL> COMMENT ON COLUMN loan.loan_no IS
  2      'the unique number for each loan';

Comment created.

SQL> 
SQL> COMMENT ON COLUMN loan.loan_date IS
  2      'The date of loan';

Comment created.

SQL> 
SQL> COMMENT ON COLUMN loan.loan_returndate IS
  2      'the calculated return date';

Comment created.

SQL> 
SQL> COMMENT ON COLUMN loan.bor_no IS
  2      'Each borrower is identified by a borrower number';

Comment created.

SQL> 
SQL> COMMENT ON COLUMN loan.copy_barcode IS
  2      'each copy of a title is identified by a barcode';

Comment created.

SQL> 
SQL> ALTER TABLE loan ADD CONSTRAINT loan_pk PRIMARY KEY ( loan_no );

Table LOAN altered.

SQL> 
SQL> ALTER TABLE loan
  2      ADD CONSTRAINT loan_un UNIQUE ( loan_date,
  3      copy_barcode,
  4      bor_no );

Table LOAN altered.

SQL> 
SQL> CREATE TABLE manager (
  2      man_id        NUMBER(7) NOT NULL,
  3      man_name      VARCHAR2(50) NOT NULL,
  4      man_phone     NUMBER(10) NOT NULL,
  5      branch_code   NUMBER(5) NOT NULL
  6  );

Table MANAGER created.

SQL> 
SQL> COMMENT ON COLUMN manager.man_id IS
  2      'Each manager is assigned a manger id';

Comment created.

SQL> 
SQL> COMMENT ON COLUMN manager.man_name IS
  2      'The name of a manager';

Comment created.

SQL> 
SQL> COMMENT ON COLUMN manager.man_phone IS
  2      'The phone number of a manager';

Comment created.

SQL> 
SQL> COMMENT ON COLUMN manager.branch_code IS
  2      'For each branch Monash Library Services assigns a branch code';

Comment created.

SQL> 
SQL> CREATE UNIQUE INDEX manager__idx ON
  2      manager ( branch_code ASC );

INDEX MANAGER__IDX created.

SQL> 
SQL> ALTER TABLE manager ADD CONSTRAINT manager_pk PRIMARY KEY ( man_id );

Table MANAGER altered.

SQL> 
SQL> CREATE TABLE publisher (
  2      pub_id        NUMBER(7) NOT NULL,
  3      pub_name      VARCHAR2(20) NOT NULL,
  4      pub_city      VARCHAR2(50) NOT NULL,
  5      pub_state     VARCHAR2(50) NOT NULL,
  6      pub_country   VARCHAR2(50) NOT NULL
  7  );

Table PUBLISHER created.

SQL> 
SQL> COMMENT ON COLUMN publisher.pub_id IS
  2      'The ID number of a publiser';

Comment created.

SQL> 
SQL> COMMENT ON COLUMN publisher.pub_name IS
  2      'The name of  a publisher';

Comment created.

SQL> 
SQL> COMMENT ON COLUMN publisher.pub_city IS
  2      'The city name of the address of a publisher';

Comment created.

SQL> 
SQL> COMMENT ON COLUMN publisher.pub_state IS
  2      'The state name of the address of a publisher';

Comment created.

SQL> 
SQL> COMMENT ON COLUMN publisher.pub_country IS
  2      'The country name of the address of a publisher';

Comment created.

SQL> 
SQL> ALTER TABLE publisher ADD CONSTRAINT publisher_pk PRIMARY KEY ( pub_id );

Table PUBLISHER altered.

SQL> 
SQL> CREATE TABLE reserve (
  2      bor_no         NUMBER(8) NOT NULL,
  3      res_date       DATE NOT NULL,
  4      res_time       DATE NOT NULL,
  5      copy_barcode   VARCHAR2(25) NOT NULL
  6  );

Table RESERVE created.

SQL> 
SQL> COMMENT ON COLUMN reserve.bor_no IS
  2      'Each borrower is identified by a borrower number';

Comment created.

SQL> 
SQL> COMMENT ON COLUMN reserve.res_date IS
  2      'date of the reservation is made';

Comment created.

SQL> 
SQL> COMMENT ON COLUMN reserve.res_time IS
  2      'time of the reservation is made';

Comment created.

SQL> 
SQL> COMMENT ON COLUMN reserve.copy_barcode IS
  2      'each copy of a title is identified by a barcode';

Comment created.

SQL> 
SQL> ALTER TABLE reserve
  2      ADD CONSTRAINT reserve_pk PRIMARY KEY ( bor_no,
  3      copy_barcode,
  4      res_date );

Table RESERVE altered.

SQL> 
SQL> CREATE TABLE return (
  2      loan_no   NUMBER(10) NOT NULL,
  3      re_date   DATE NOT NULL
  4  );

Table RETURN created.

SQL> 
SQL> COMMENT ON COLUMN return.loan_no IS
  2      'the unique number for each loan';

Comment created.

SQL> 
SQL> ALTER TABLE return ADD CONSTRAINT return_pk PRIMARY KEY ( loan_no );

Table RETURN altered.

SQL> 
SQL> CREATE TABLE subject (
  2      sub_name   VARCHAR2(20) NOT NULL
  3  );

Table SUBJECT created.

SQL> 
SQL> COMMENT ON COLUMN subject.sub_name IS
  2      'The name of a subject';

Comment created.

SQL> 
SQL> ALTER TABLE subject ADD CONSTRAINT subject_pk PRIMARY KEY ( sub_name );

Table SUBJECT altered.

SQL> 
SQL> CREATE TABLE subjectbook (
  2      book_callno   CHAR(20) NOT NULL,
  3      sub_name      VARCHAR2(20) NOT NULL
  4  );

Table SUBJECTBOOK created.

SQL> 
SQL> COMMENT ON COLUMN subjectbook.book_callno IS
  2      'The information held about a title is its Dewey Decimal call no (20 characters) - this call no is used to identify a particular title and for shelving books.'
  3  ;

Comment created.

SQL> 
SQL> COMMENT ON COLUMN subjectbook.sub_name IS
  2      'The name of a subject';

Comment created.

SQL> 
SQL> ALTER TABLE subjectbook ADD CONSTRAINT subjectbook_pk PRIMARY KEY ( book_callno,
  2  sub_name );

Table SUBJECTBOOK altered.

SQL> 
SQL> CREATE TABLE write (
  2      book_callno   CHAR(20) NOT NULL,
  3      aut_id        NUMBER(10) NOT NULL
  4  );

Table WRITE created.

SQL> 
SQL> COMMENT ON COLUMN write.book_callno IS
  2      'The information held about a title is its Dewey Decimal call no (20 characters) - this call no is used to identify a particular title and for shelving books.'
  3  ;

Comment created.

SQL> 
SQL> COMMENT ON COLUMN write.aut_id IS
  2      'The id number of an author';

Comment created.

SQL> 
SQL> ALTER TABLE write ADD CONSTRAINT write_pk PRIMARY KEY ( book_callno,
  2  aut_id );

Table WRITE altered.

SQL> 
SQL> ALTER TABLE book
  2      ADD CONSTRAINT book_publisher_fk FOREIGN KEY ( pub_id )
  3          REFERENCES publisher ( pub_id );

Table BOOK altered.

SQL> 
SQL> ALTER TABLE borrower
  2      ADD CONSTRAINT borrower_branch_fk FOREIGN KEY ( branch_code )
  3          REFERENCES branch ( branch_code );

Table BORROWER altered.

SQL> 
SQL> ALTER TABLE borrower
  2      ADD CONSTRAINT borrower_class_fk FOREIGN KEY ( class_name )
  3          REFERENCES class ( class_name );

Table BORROWER altered.

SQL> 
SQL> ALTER TABLE branch
  2      ADD CONSTRAINT branch_manager_fk FOREIGN KEY ( man_id )
  3          REFERENCES manager ( man_id );

Table BRANCH altered.

SQL> 
SQL> ALTER TABLE copy
  2      ADD CONSTRAINT copy_branch_fk FOREIGN KEY ( branch_code )
  3          REFERENCES branch ( branch_code );

Table COPY altered.

SQL> 
SQL> ALTER TABLE copy
  2      ADD CONSTRAINT copy_isbn_fk FOREIGN KEY ( isbn_no )
  3          REFERENCES isbn ( isbn_no );

Table COPY altered.

SQL> 
SQL> ALTER TABLE fine
  2      ADD CONSTRAINT fine_loan_fk FOREIGN KEY ( loan_no )
  3          REFERENCES loan ( loan_no );

Table FINE altered.

SQL> 
SQL> ALTER TABLE isbn
  2      ADD CONSTRAINT isbn_book_fk FOREIGN KEY ( book_callno )
  3          REFERENCES book ( book_callno );

Table ISBN altered.

SQL> 
SQL> ALTER TABLE loan
  2      ADD CONSTRAINT loan_borrower_fk FOREIGN KEY ( bor_no )
  3          REFERENCES borrower ( bor_no );

Table LOAN altered.

SQL> 
SQL> ALTER TABLE loan
  2      ADD CONSTRAINT loan_copy_fk FOREIGN KEY ( copy_barcode )
  3          REFERENCES copy ( copy_barcode );

Table LOAN altered.

SQL> 
SQL> ALTER TABLE manager
  2      ADD CONSTRAINT manager_branch_fk FOREIGN KEY ( branch_code )
  3          REFERENCES branch ( branch_code );

Table MANAGER altered.

SQL> 
SQL> ALTER TABLE reserve
  2      ADD CONSTRAINT reserve_borrower_fk FOREIGN KEY ( bor_no )
  3          REFERENCES borrower ( bor_no );

Table RESERVE altered.

SQL> 
SQL> ALTER TABLE reserve
  2      ADD CONSTRAINT reserve_copy_fk FOREIGN KEY ( copy_barcode )
  3          REFERENCES copy ( copy_barcode );

Table RESERVE altered.

SQL> 
SQL> ALTER TABLE return
  2      ADD CONSTRAINT return_loan_fk FOREIGN KEY ( loan_no )
  3          REFERENCES loan ( loan_no );

Table RETURN altered.

SQL> 
SQL> ALTER TABLE subjectbook
  2      ADD CONSTRAINT subjectbook_book_fk FOREIGN KEY ( book_callno )
  3          REFERENCES book ( book_callno );

Table SUBJECTBOOK altered.

SQL> 
SQL> ALTER TABLE subjectbook
  2      ADD CONSTRAINT subjectbook_subject_fk FOREIGN KEY ( sub_name )
  3          REFERENCES subject ( sub_name );

Table SUBJECTBOOK altered.

SQL> 
SQL> ALTER TABLE write
  2      ADD CONSTRAINT write_author_fk FOREIGN KEY ( aut_id )
  3          REFERENCES author ( aut_id );

Table WRITE altered.

SQL> 
SQL> ALTER TABLE write
  2      ADD CONSTRAINT write_book_fk FOREIGN KEY ( book_callno )
  3          REFERENCES book ( book_callno );

Table WRITE altered.

SQL> 
SQL> CREATE SEQUENCE author_aut_id_seq START WITH 1 NOCACHE ORDER;

Sequence AUTHOR_AUT_ID_SEQ created.

SQL> 
SQL> CREATE SEQUENCE borrower_bor_no_seq START WITH 1 NOCACHE ORDER;

Sequence BORROWER_BOR_NO_SEQ created.

SQL> 
SQL> CREATE SEQUENCE branch_branch_code_seq START WITH 100 NOCACHE ORDER;

Sequence BRANCH_BRANCH_CODE_SEQ created.

SQL> 
SQL> CREATE SEQUENCE loan_loan_no_seq START WITH 1 NOCACHE ORDER;

Sequence LOAN_LOAN_NO_SEQ created.

SQL> 
SQL> CREATE SEQUENCE manager_man_id_seq START WITH 1 NOCACHE ORDER;

Sequence MANAGER_MAN_ID_SEQ created.

SQL> 
SQL> CREATE SEQUENCE publisher_pub_id_seq START WITH 1 NOCACHE ORDER;

Sequence PUBLISHER_PUB_ID_SEQ created.

SQL> 
SQL> 
SQL> 
SQL> -- Oracle SQL Developer Data Modeler Summary Report: 
SQL> -- 
SQL> -- CREATE TABLE                            16
SQL> -- CREATE INDEX                             1
SQL> -- ALTER TABLE                             37
SQL> -- CREATE VIEW                              0
SQL> -- ALTER VIEW                               0
SQL> -- CREATE PACKAGE                           0
SQL> -- CREATE PACKAGE BODY                      0
SQL> -- CREATE PROCEDURE                         0
SQL> -- CREATE FUNCTION                          0
SQL> -- CREATE TRIGGER                           0
SQL> -- ALTER TRIGGER                            0
SQL> -- CREATE COLLECTION TYPE                   0
SQL> -- CREATE STRUCTURED TYPE                   0
SQL> -- CREATE STRUCTURED TYPE BODY              0
SQL> -- CREATE CLUSTER                           0
SQL> -- CREATE CONTEXT                           0
SQL> -- CREATE DATABASE                          0
SQL> -- CREATE DIMENSION                         0
SQL> -- CREATE DIRECTORY                         0
SQL> -- CREATE DISK GROUP                        0
SQL> -- CREATE ROLE                              0
SQL> -- CREATE ROLLBACK SEGMENT                  0
SQL> -- CREATE SEQUENCE                          6
SQL> -- CREATE MATERIALIZED VIEW                 0
SQL> -- CREATE SYNONYM                           0
SQL> -- CREATE TABLESPACE                        0
SQL> -- CREATE USER                              0
SQL> -- 
SQL> -- DROP TABLESPACE                          0
SQL> -- DROP DATABASE                            0
SQL> -- 
SQL> -- REDACTION POLICY                         0
SQL> -- 
SQL> -- ORDS DROP SCHEMA                         0
SQL> -- ORDS ENABLE SCHEMA                       0
SQL> -- ORDS ENABLE OBJECT                       0
SQL> -- 
SQL> -- ERRORS                                   0
SQL> -- WARNINGS                                 0
SQL> -----------------------------------------------------
SQL> set echo off
